---
source: tests/transpile.rs
input_file: test_files/power.yul
---
target = evm-ethereum-cancun

func private %block0::power(v0.i256, v1.i256) -> i256 {
    block0:
        br_table v1 block3 (0.i256 block1) (1.i256 block2);

    block1:
        jump block4;

    block2:
        jump block4;

    block3:
        v6.i256 = mul v0 v0;
        v9.i256 = evm_udiv v1 2.i256;
        v10.i256 = call %block0::power v6 v9;
        v11.i256 = evm_umod v1 2.i256;
        br_table v11 block6 (1.i256 block5);

    block4:
        v15.i256 = phi (1.i256 block1) (v0 block2) (v16 block6);
        return v15;

    block5:
        v14.i256 = mul v0 v10;
        jump block6;

    block6:
        v16.i256 = phi (v10 block3) (v14 block5);
        jump block4;
}

func private %block0::power2(v0.i256, v1.i256) -> i256 {
    block0:
        jump block1;

    block1:
        v11.i256 = phi (v0 block0) (v11 block3);
        v10.i256 = phi (1.i256 block0) (v9 block3);
        v5.i256 = phi (v1 block0) (v5 block3);
        v4.i256 = phi (0.i256 block0) (v13 block3);
        v6.i256 = lt v4 v5;
        br v6 block2 block4;

    block2:
        v9.i256 = mul v10 v11;
        jump block3;

    block3:
        v13.i256 = add v4 1.i256;
        jump block1;

    block4:
        return v10;
}
